<stdin>-1:0 quotation.consecutive-opening-quotes
<stdin>-3:26 quotation.missing-space-closing-single-double
<stdin>-5:0 quotation.incorrect-space-opening-double-single
<stdin>-7:26 emdash.replace-double-hyphen
