<stdin>-1:26 emdash.replace-double-hyphen
<stdin>-3:20 emdash.preceeding-space
<stdin>-3:21 emdash.following-space
